Enter session type <sales or admin>: 
Admin login successful.
Enter event name: 
Event Date: 2023/10/27\nCurrent number of tickets: 10\nEnter number of tickets to add: 
Cannot exceed 9999 tickets. \nEnter number of tickets to add: 
Transaction canceled
Session terminated.