04 CirqueDuSoleil  00000000 0011
00                 00000000 0000