Enter session type <sales or admin>: 
Admin login successful.
Enter event name: 
Current number of tickets: 10\nEnter number of tickets to add: 
10 tickets added. New total: 20
Enter event name: 
Current number of tickets: 10\nEnter number of tickets to sell: 
Transaction canceled
Session terminated.