Enter session type <sales or admin>: 
Admin login successful.
Enter event name:
Event not found. \nEnter event name: 
Transaction canceled
Session terminated.