Enter session type <sales or admin>: 
Admin login successful.
Enter new event name <max 15 chars>: 
Enter date of event <format YYYYMMDD>: 
Enter number of available tickets <max 9999>: 
Transaction canceled
Enter event name: 
Transaction canceled
Enter event name: 
Transaction canceled
Session terminated.