03 NewEvent        20231027 0350
00                 00000000 0000