Enter session type <sales or admin>: 
Admin login successful.
Enter event name: 
Event not found. 
Enter event name: 
Transaction canceled
Session terminated.