Enter session type <sales or admin>: 
Admin login successful.
Enter event name: 
Enter the word "delete" to confirm: 
Event CirqueDuSoleil deleted.
Session terminated.