Enter session type <sales or admin>: 
Sales agent login successful. Already logged in.
Session terminated.
Enter session type <sales or admin>: 
Admin login successful.
Already logged in.
Session terminated.