Enter session type <sales or admin>: 
Admin login successful.
Session terminated.