Enter session type <sales or admin>: 
Sales agent login successful.
Enter event name: 
Current number of tickets: 10\nEnter number of tickets to return: 
Maximum of 8 Tickets can be returned per transaction\nEnter number of tickets to return:
Transaction canceled
Session terminated.
Enter session type <sales or admin>: 
Admin login successful.
Enter event name: 
Current number of tickets: 10\nEnter number of tickets to return: 
10 tickets returned. New total: 20
Session terminated.