02 CirqueDuSoleil  00000000 0006
02 CirqueDuSoleil  00000000 0002
00                 00000000 0000