Enter session type <sales or admin>: 
Admin login successful.
Enter event name: 
Current number of tickets: 10\nEnter number of tickets to add: 
9988 tickets added. New total: 9998
Enter event name: 
Current number of tickets: 9998\nEnter number of tickets to return: 
Total tickets cannot exceed 9999.\nEnter number of tickets to return: 
1 tickets returned. New total: 9999
Session terminated.