01 CirqueDuSoleil  00000000 0006
01 CirqueDuSoleil  00000000 0001
00                 00000000 0000