Enter session type <sales or admin>: 
Sales login successful.
Enter event name: 
Current number of tickets: 10\nEnter number of tickets to sell: 
Enter number of tickets to sell: 
Enter number of tickets to sell: 
Enter number of tickets to sell: 
Enter number of tickets to sell: 
Transaction canceled
Session terminated.