Enter session type <sales or admin>: 
Admin login successful.
Enter new event name <max 15 chars>: 
Enter date of event <format YYYYMMDD>: 
Enter number of available tickets: 
Event Lecture1 created.
Enter event name: 
Event not available for sale yet.
Session terminated.