Enter session type <sales or admin>: 
Sales agent login successful.
Enter event name: 
Current number of tickets: 10\nEnter number of tickets to sell: 
Maximum of 8 Tickets can be sold per transaction\nEnter number of tickets to sell: 
Transaction canceled
Session terminated.
Enter session type <sales or admin>: 
Admin login successful.
Enter event name: 
Current number of tickets: 10\nEnter number of tickets to sell: 
10 tickets sold. New total: 0
Session terminated.