Not currently logged in.
Invalid command. Log in to continue.
Invalid command. Log in to continue.
Invalid command. Log in to continue.
Invalid command. Log in to continue.
Invalid command. Log in to continue.
Invalid command. Log in to continue.
Not currently logged in.