Enter session type <sales or admin>: 
Sales agent login successful.
Command not authorized for sales account.
Command not authorized for sales account.
Command not authorized for sales account.
Session terminated.