Error: attempted to delete event NotExist that does not exist
transaction code not recognized